[coachfinanceiro.com/palestra/girl-power-05-de-junho-de-2016/index.html]
[backblue.gif]
[fade.gif]
[index.html]
[coachfinanceiro.com/palestra/wp-content/themes/stable/style.css]
[coachfinanceiro.com/palestra/wp-includes/js/jquery/jquery-migrate.min330a.js]
[coachfinanceiro.com/palestra/wp-includes/js/jquery/jqueryb8ff.js]
[coachfinanceiro.com/palestra/wp-content/themes/headway/library/media/js/jquery.fitvids67d0.js]
[cdn.jsdelivr.net/jquery.easing/1.3/jquery.easing.1.367d0.js]
[app.webinarjam.net/assets/js/porthole.min.js]
[app.webinarjam.net/register.box.js]
[connect.facebook.net/en_US/fbevents.js]
[maxcdn.bootstrapcdn.com/font-awesome/4.5.0/css/font-awesome.min.css]
[www.google-analytics.com/analytics.js]
[coachfinanceiro.com/palestra/wp-content/uploads/2016/02/logo.png]
[coachfinanceiro.com/palestra/wp-content/uploads/2016/02/banqueiro-77x75.png]
[coachfinanceiro.com/palestra/wp-content/uploads/2016/06/iamgem-ilustracao-carina.png]
[coachfinanceiro.com/palestra/wp-content/uploads/2016/06/girl-power-dizeres-1.png]
[coachfinanceiro.com/palestra/wp-content/uploads/2016/03/seta-virada.png]
[coachfinanceiro.com/palestra/wp-content/uploads/2016/03/logo-587x120.png]
[coachfinanceiro.com/palestra/wp-includes/js/wp-embed.min67d0.js]
[coachfinanceiro.com/palestra/wp-content/themes/headway/library/media/js/sticky67d0.js]
[www.googleadservices.com/pagead/f.txt]
[coachfinanceiro.com/palestra/girl-power-05-de-junho-de-2016/index.html]
[coachfinanceiro.com/palestra/wp-content/themes/stable/style.css]
[coachfinanceiro.com/palestra/wp-includes/js/jquery/jqueryb8ff.js]
[coachfinanceiro.com/palestra/wp-includes/js/jquery/jquery-migrate.min330a.js]
[coachfinanceiro.com/palestra/wp-content/themes/headway/library/media/js/jquery.fitvids67d0.js]
[connect.facebook.net/en_US/fbevents.js]
[maxcdn.bootstrapcdn.com/font-awesome/4.5.0/css/font-awesome.min.css]
[coachfinanceiro.com/palestra/wp-includes/js/wp-embed.min67d0.js]
[coachfinanceiro.com/palestra/wp-content/themes/headway/library/media/js/sticky67d0.js]
